sean@sean-VirtualBox ~/Documents/cs370/ray_tracer $ make
mkdir build
gcc src/ray_tracer.c src/ops.c -D_LINUX -ffast-math -funroll-loops -O3 -g -I../include -L../lib -L/usr/X11R6/lib -lGL -lglut -lGLU -o build/ray_tracer
sean@sean-VirtualBox ~/Documents/cs370/ray_tracer $ build/ray_tracer
sean@sean-VirtualBox ~/Documents/cs370/ray_tracer $ build/ray_tracer &
[1] 4180
sean@sean-VirtualBox ~/Documents/cs370/ray_tracer $ import
import: missing an image filename `import' @ error/import.c/ImportImageCommand/1293.
sean@sean-VirtualBox ~/Documents/cs370/ray_tracer $ import capture.png
sean@sean-VirtualBox ~/Documents/cs370/ray_tracer $ exit
exit

Script done on Wed 19 Apr 2017 02:26:22 PM EDT

